A shoe and a die in a flue
Were imprisoned, so what could they do?
Said the die, "let us shoo!"
"Let us die!" said the shoe.
So they flew through a flaw in the flue.
