A flea and a fly in a flue
Were imprisoned, so what could they do?
Said the fly, "let us flee!"
"Let us fly!" said the flea.
So they flew through a flaw in the flue.
