A flue and a flue in a flue
Were imprisoned, so what could they do?
Said the flue, "let us flue!"
"Let us flue!" said the flue.
So they flew through a flaw in the flue.
